<?php return array (
  0 => 'Symfony\\Bundle\\FrameworkBundle\\Controller\\AbstractController',
  1 => 'App\\Controller\\GetDeckJson',
  2 => 'App\\Controller\\PostDeckJson',
  3 => 'App\\Controller\\PostDrawJson',
  4 => 'App\\Controller\\PostDrawNumJson',
  5 => 'App\\Controller\\aboutControllerTwig',
  6 => 'App\\Controller\\apiHomeTwig',
  7 => 'App\\Controller\\apiQuoteController',
  8 => 'App\\Controller\\cardDeckDrawTwig',
  9 => 'App\\Controller\\cardDeckNumberTwig',
  10 => 'App\\Controller\\cardDeckShuffleTwig',
  11 => 'App\\Controller\\cardDeckTwig',
  12 => 'App\\Controller\\cardTwig',
  13 => 'App\\Controller\\indexControllerTwig',
  14 => 'App\\Controller\\luckyControllerTwig',
  15 => 'App\\Controller\\reportControllerTwig',
  16 => 'Doctrine\\Bundle\\DoctrineBundle\\Controller\\ProfilerController',
  17 => 'Doctrine\\ORM\\Cache\\Persister\\Entity\\AbstractEntityPersister',
  18 => 'Doctrine\\ORM\\Cache\\Persister\\Entity\\CachedEntityPersister',
  19 => 'Doctrine\\ORM\\Cache\\Persister\\Entity\\NonStrictReadWriteCachedEntityPersister',
  20 => 'Doctrine\\ORM\\Cache\\Persister\\Entity\\ReadOnlyCachedEntityPersister',
  21 => 'Doctrine\\ORM\\Cache\\Persister\\Entity\\ReadWriteCachedEntityPersister',
  22 => 'Doctrine\\ORM\\Persisters\\Entity\\AbstractEntityInheritancePersister',
  23 => 'Doctrine\\ORM\\Persisters\\Entity\\BasicEntityPersister',
  24 => 'Doctrine\\ORM\\Persisters\\Entity\\CachedPersisterContext',
  25 => 'Doctrine\\ORM\\Persisters\\Entity\\EntityPersister',
  26 => 'Doctrine\\ORM\\Persisters\\Entity\\JoinedSubclassPersister',
  27 => 'Doctrine\\ORM\\Persisters\\Entity\\SingleTablePersister',
  29 => 'Symfony\\Bundle\\FrameworkBundle\\Controller\\ControllerResolver',
  30 => 'Symfony\\Bundle\\FrameworkBundle\\Controller\\RedirectController',
  31 => 'Symfony\\Bundle\\FrameworkBundle\\Controller\\TemplateController',
  32 => 'Symfony\\Bundle\\WebProfilerBundle\\Controller\\ExceptionPanelController',
  33 => 'Symfony\\Bundle\\WebProfilerBundle\\Controller\\ProfilerController',
  34 => 'Symfony\\Bundle\\WebProfilerBundle\\Controller\\RouterController',
  35 => 'Symfony\\Component\\HttpKernel\\Controller\\ArgumentResolver',
  36 => 'Symfony\\Component\\HttpKernel\\Controller\\ArgumentResolverInterface',
  37 => 'Symfony\\Component\\HttpKernel\\Controller\\ArgumentResolver\\BackedEnumValueResolver',
  38 => 'Symfony\\Component\\HttpKernel\\Controller\\ArgumentResolver\\DateTimeValueResolver',
  39 => 'Symfony\\Component\\HttpKernel\\Controller\\ArgumentResolver\\DefaultValueResolver',
  40 => 'Symfony\\Component\\HttpKernel\\Controller\\ArgumentResolver\\NotTaggedControllerValueResolver',
  41 => 'Symfony\\Component\\HttpKernel\\Controller\\ArgumentResolver\\RequestAttributeValueResolver',
  42 => 'Symfony\\Component\\HttpKernel\\Controller\\ArgumentResolver\\RequestValueResolver',
  43 => 'Symfony\\Component\\HttpKernel\\Controller\\ArgumentResolver\\ServiceValueResolver',
  44 => 'Symfony\\Component\\HttpKernel\\Controller\\ArgumentResolver\\SessionValueResolver',
  45 => 'Symfony\\Component\\HttpKernel\\Controller\\ArgumentResolver\\TraceableValueResolver',
  46 => 'Symfony\\Component\\HttpKernel\\Controller\\ArgumentResolver\\UidValueResolver',
  47 => 'Symfony\\Component\\HttpKernel\\Controller\\ArgumentResolver\\VariadicValueResolver',
  48 => 'Symfony\\Component\\HttpKernel\\Controller\\ArgumentValueResolverInterface',
  49 => 'Symfony\\Component\\HttpKernel\\Controller\\ContainerControllerResolver',
  50 => 'Symfony\\Component\\HttpKernel\\Controller\\ControllerReference',
  51 => 'Symfony\\Component\\HttpKernel\\Controller\\ControllerResolver',
  52 => 'Symfony\\Component\\HttpKernel\\Controller\\ControllerResolverInterface',
  53 => 'Symfony\\Component\\HttpKernel\\Controller\\ErrorController',
  54 => 'Symfony\\Component\\HttpKernel\\Controller\\TraceableArgumentResolver',
  55 => 'Symfony\\Component\\HttpKernel\\Controller\\TraceableControllerResolver',
  56 => 'Symfony\\Component\\Security\\Http\\Controller\\UserValueResolver',
);